[whatsthebest893972994.wordpress.com/index.html]
[backblue.gif]
[fade.gif]
[index.html]
[s1.wp.com/wp-content/themes/pub/varia/print9298.css]
[whatsthebest893972994.wordpress.com/feed/index.html]
[whatsthebest893972994.wordpress.com/comments/feed/index.html]
[whatsthebest893972994.wordpress.com/home/feed/index.html]
[s1.wp.com/_static/indexba1f.html]
[s0.wp.com/wp-content/themes/pub/hever/stylecec0.css]
[s0.wp.com/wp-content/mu-plugins/highlander-comments/style6f5b.css]
[s2.wp.com/_static/index1b73.html]
[whatsthebest893972994.wordpress.com/xmlrpc0db0.php]
[s2.wp.com/i/webclip.png]
[whatsthebest893972994.wordpress.com/osd.xml]
[whatsthebest893972994.files.wordpress.com/2020/10/pexels-photo-327540.jpg]
[0.gravatar.com/js/gprofiles1038.js]
[whatsthebest893972994.wordpress.com/contact/index.html]
[whatsthebest893972994.wordpress.com/about/index.html]
[whatsthebest893972994.wordpress.com/blog/index.html]
[s1.wp.com/wp-content/mu-plugins/gravatar-hovercards/wpgrohoc3b6.js]
[whatsthebest893972994.wordpress.com/2020/10/17/example-post-3/index.html]
[s0.wp.com/wp-content/mu-plugins/actionbar/actionbar61ea.css]
[whatsthebest893972994.wordpress.com/2020/10/17/example-post-2/index.html]
[whatsthebest893972994.wordpress.com/2020/10/17/example-post/index.html]
[s0.wp.com/wp-content/mu-plugins/actionbar/actionbar61ea.js]
[s0.wp.com/_static/indexa85c.html]
[s0.wp.com/wp-includes/js/dist/vendor/wp-polyfill-fetch.min9853.js]
[s1.wp.com/wp-includes/js/dist/vendor/wp-polyfill-node-contains.minf99f.js]
[s0.wp.com/wp-includes/js/dist/vendor/wp-polyfill-dom-rect.min9c36.js]
[s2.wp.com/wp-includes/js/dist/vendor/wp-polyfill-url.min67f7.js]
[s1.wp.com/wp-includes/js/dist/vendor/wp-polyfill-formdata.min52a8.js]
[s2.wp.com/wp-includes/js/dist/vendor/wp-polyfill-element-closest.min5eac.js]
[stats.wp.com/w7f39.js]
[whatsthebest893972994.wordpress.com/wp-content/plugins/ie-sitemode/custom-jumplist.php]
[pixel.wp.com/b0b80.gif]
[whatsthebest893972994.wordpress.com/index.html]
[s1.wp.com/_static/indexba1f.html]
[s1.wp.com/wp-content/themes/pub/varia/print9298.css]
[s0.wp.com/wp-content/themes/pub/hever/stylecec0.css]
[s0.wp.com/wp-content/mu-plugins/highlander-comments/images/postto-buttons.png]
[s0.wp.com/wp-content/mu-plugins/highlander-comments/images/button-back.gif]
[s0.wp.com/wp-content/mu-plugins/highlander-comments/images/button-back-over.gif]
[s0.wp.com/wp-content/mu-plugins/highlander-comments/images/loader.gif]
[s0.wp.com/wp-content/mu-plugins/highlander-comments/style6f5b.css]
[s2.wp.com/_static/index6f89.html]
[whatsthebest893972994.files.wordpress.com/2020/10/qi-bin-w4hbafegiac-unsplash.jpg]
[s1.wp.com/wp-content/plugins/full-site-editing-plugin/350185775/newspack-blocks/dist/blog-posts-block-view00fd.css]
[whatsthebest893972994.wordpress.com/author/ishaanvijayverma/index.html]
[whatsthebest893972994.wordpress.com/blog/index.html]
[s0.wp.com/wp-content/js/bilmur.min0189.js]
[whatsthebest893972994.wordpress.com/about/index.html]
[whatsthebest893972994.wordpress.com/contact/index.html]
[s1.wp.com/wp-content/plugins/gutenberg-blocks/jetpack-layout-grid/blocks/frontbcd3.css]
[s0.wp.com/_static/indexbcb0.html]
[whatsthebest893972994.wordpress.com/2020/10/17/example-post-3/feed/index.html]
[www.codeconquest.com/wp-content/uploads/Treehouse.png]
[whatsthebest893972994.wordpress.com/2020/10/17/example-post-3/index.html]
[whatsthebest893972994.wordpress.com/2020/10/17/example-post-2/index.html]
[whatsthebest893972994.wordpress.com/category/uncategorized/index.html]
[whatsthebest893972994.wordpress.com/2020/10/17/example-post/index.html]
[whatsthebest893972994.wordpress.com/coding/index.html]
[whatsthebest893972994.wordpress.com/2020/10/17/example-post-3/amp/index.html]
[whatsthebest893972994.wordpress.com/2020/10/17/example-post-2/feed/index.html]
[whatsthebest893972994.wordpress.com/2020/10/17/example-post-2/amp/index.html]
[s0.wp.com/_static/indexa85c.html]
[s0.wp.com/wp-content/mu-plugins/actionbar/actionbar61ea.css]
[whatsthebest893972994.wordpress.com/56-2/index.html]
[whatsthebest893972994.wordpress.com/2020/10/17/example-post/feed/index.html]
[whatsthebest893972994.wordpress.com/2020/10/17/example-post/amp/index.html]
[whatsthebest893972994.wordpress.com/author/ishaanvijayverma/index.html]
[s1.wp.com/wp-content/plugins/full-site-editing-plugin/350185775/newspack-blocks/dist/blog-posts-block-view00fd.css]
[s1.wp.com/wp-content/plugins/gutenberg-blocks/jetpack-layout-grid/blocks/frontbcd3.css]
[s0.wp.com/_static/indexbcb0.html]
[whatsthebest893972994.wordpress.com/xmlrpc.php]
[s0.wp.com/wp-content/themes/h4/global21a2.css]
[whatsthebest893972994.wordpress.com/author/ishaanvijayverma/feed/index.html]
[www.codeconquest.com/wp-content/uploads/Treehousedbaa.png]
[cdn.ampproject.org/v0.js]
[s2.wp.com/wp-content/plugins/amp-1.4/assets/images/placeholder-icon.png]
[whatsthebest893972994.wordpress.com/2020/10/17/example-post-3/amp/social-logosc8bb.eot]
[whatsthebest893972994.wordpress.com/2020/10/17/example-post-3/amp/social-logosc8bb.ttf]
[pixel.wp.com/b2d11.gif]
[pixel.wp.com/b2615.gif]
[whatsthebest893972994.wordpress.com/2020/10/17/example-post-3/amp/index.html]
[whatsthebest893972994.wordpress.com/category/uncategorized/index.html]
[whatsthebest893972994.wordpress.com/category/uncategorized/feed/index.html]
[whatsthebest893972994.files.wordpress.com/2020/10/c5f14.png]
[whatsthebest893972994.wordpress.com/c-programming-tutorial-course-training-classes-certification-online-2020-updated/index.html]
[whatsthebest893972994.files.wordpress.com/2020/10/c-175cc.png]
[whatsthebest893972994.files.wordpress.com/2020/10/py-1cf86.jpg]
[whatsthebest893972994.wordpress.com/coding/index.html]
[s0.wp.com/wp-content/mu-plugins/carousel/jetpack-carousel2ca6.css]
[s0.wp.com/i/blank.jpg]
[whatsthebest893972994.wordpress.com/2020/10/17/example-post-2/amp/social-logos.2bc8bb.delayed]
[whatsthebest893972994.wordpress.com/2020/10/17/example-post-2/amp/social-logosc8bb.ttf]
[pixel.wp.com/b2bbf.gif]
[pixel.wp.com/b5fc4.gif]
[whatsthebest893972994.wordpress.com/2020/10/17/example-post-2/amp/index.html]
[dalstondemo.files.wordpress.com/2019/09/success-3.png]
[dalstondemo.files.wordpress.com/2019/09/pale-unsubscribed.png]
[whatsthebest893972994.wordpress.com/project-1/index.html]
[dalstondemo.files.wordpress.com/2019/09/no-connection-5.png]
[dalstondemo.files.wordpress.com/2019/09/pale-list-is-empty.png]
[dalstondemo.files.wordpress.com/2019/09/pale-logged-out.png]
[dalstondemo.files.wordpress.com/2019/09/done-5.png]
[dalstondemo.files.wordpress.com/2019/09/pale-waiting.png]
[whatsthebest893972994.wordpress.com/56-2/index.html]
[whatsthebest893972994.wordpress.com/2020/10/17/example-post/amp/social-logos.36c8bb.delayed]
[whatsthebest893972994.wordpress.com/2020/10/17/example-post/amp/social-logosc8bb.ttf]
[pixel.wp.com/bde1c.gif]
[pixel.wp.com/b051a.gif]
[whatsthebest893972994.wordpress.com/2020/10/17/example-post/amp/index.html]
[s0.wp.com/wp-content/themes/h4/global21a2.css]
[whatsthebest893972994.wordpress.com/2020/10/17/example-post-3/amp/social-logosc8bb.html]
[whatsthebest893972994.wordpress.com/2020/10/17/example-post-3/amp/social-logosc8bb-2.html]
[whatsthebest893972994.files.wordpress.com/2020/11/external-content.duckduckgo.com_73d9.jpg]
[whatsthebest893972994.wordpress.com/c-programming-tutorial-course-training-classes-certification-online-2020-updated/index.html]
[whatsthebest893972994.wordpress.com/coding/index9a7b.html]
[whatsthebest893972994.wordpress.com/coding/index5a58.html]
[s2.wp.com/_static/index24b3.html]
[s0.wp.com/wp-content/mu-plugins/carousel/images/arrows.png]
[s0.wp.com/wp-content/mu-plugins/carousel/images/arrows-2x.png]
[s0.wp.com/wp-content/mu-plugins/carousel/images/carousel-spritee4da.png]
[s0.wp.com/wp-content/mu-plugins/carousel/images/carousel-sprite-2xe4da.png]
[s0.wp.com/wp-content/mu-plugins/carousel/jetpack-carousel2ca6.css]
[whatsthebest893972994.wordpress.com/2020/10/17/example-post-2/amp/social-logosc8bb.html]
[whatsthebest893972994.wordpress.com/2020/10/17/example-post-2/amp/social-logosc8bb-2.html]
[whatsthebest893972994.wordpress.com/project-1/index.html]
[whatsthebest893972994.wordpress.com/56-2/index9a7b.html]
[whatsthebest893972994.wordpress.com/56-2/index5a58.html]
[whatsthebest893972994.wordpress.com/2020/10/17/example-post/amp/social-logosc8bb.html]
[whatsthebest893972994.wordpress.com/2020/10/17/example-post/amp/social-logosc8bb-2.html]
[whatsthebest893972994.wordpress.com/c-programming-tutorial-course-training-classes-certification-online-2020-updated/index9a7b.html]
[whatsthebest893972994.wordpress.com/c-programming-tutorial-course-training-classes-certification-online-2020-updated/index5a58.html]
[s2.wp.com/wp-content/mu-plugins/carousel/images/arrows.png]
[s2.wp.com/wp-content/mu-plugins/carousel/images/arrows-2x.png]
[s2.wp.com/wp-content/mu-plugins/carousel/images/carousel-spritee4da.png]
[s2.wp.com/wp-content/mu-plugins/carousel/images/carousel-sprite-2xe4da.png]
[s2.wp.com/_static/index24b3.html]
